
> bridge-cloud@0.1.0 build /app
> next build

▲ Next.js 16.1.7 (Turbopack)

  Creating an optimized production build ...
✓ Compiled successfully in 9.4s
  Running TypeScript ...
  Collecting page data using 3 workers ...
  Generating static pages using 3 workers (0/8) ...
  Generating static pages using 3 workers (2/8)
  Generating static pages using 3 workers (4/8)
  Generating static pages using 3 workers (6/8)
✓ Generating static pages using 3 workers (8/8) in 386.1ms
  Finalizing page optimization ...

Route (app)
┌ ○ /
├ ○ /_not-found
├ ƒ /api/chat
├ ƒ /api/proxy
├ ƒ /api/proxy/verify
├ ○ /chat
└ ƒ /chat/[id]


ƒ Proxy (Middleware)

○  (Static)   prerendered as static content
ƒ  (Dynamic)  server-rendered on demand
