
> bridge-cloud@0.1.0 dev /app
> next dev

▲ Next.js 16.1.7 (Turbopack)
- Local:         http://localhost:3000
- Network:       http://192.168.0.2:3000
- Environments: .env.local

✓ Starting...
Attention: Next.js now collects completely anonymous telemetry regarding usage.
This information is used to shape Next.js' roadmap and prioritize features.
You can learn more, including how to opt-out if you'd not like to participate in this anonymous program, by visiting the following URL:
https://nextjs.org/telemetry

✓ Ready in 1463ms
○ Compiling / ...
 GET / 307 in 7.3s (compile: 6.3s, proxy.ts: 196ms, render: 837ms)
○ Compiling /chat ...
 GET /chat 200 in 4.4s (compile: 3.9s, proxy.ts: 8ms, render: 550ms)
 GET /chat/4cdce134-5dbe-49c1-a7b8-38cdb9e6b511 200 in 4.6s (proxy.ts: 10ms)
 GET / 307 in 176ms (compile: 6ms, proxy.ts: 8ms, render: 161ms)
 GET /chat 200 in 93ms (compile: 6ms, proxy.ts: 7ms, render: 80ms)
 GET /chat/997301c4-cb43-4a24-afbd-b6cbd89a91ea 200 in 107ms (compile: 48ms, proxy.ts: 9ms, render: 49ms)
 GET / 307 in 154ms (compile: 4ms, proxy.ts: 8ms, render: 142ms)
 GET /chat 200 in 85ms (compile: 4ms, proxy.ts: 6ms, render: 75ms)
 GET / 307 in 171ms (compile: 5ms, proxy.ts: 6ms, render: 160ms)
 GET /chat 200 in 96ms (compile: 5ms, proxy.ts: 6ms, render: 86ms)
 GET / 307 in 181ms (compile: 6ms, proxy.ts: 7ms, render: 168ms)
 GET /chat 200 in 104ms (compile: 5ms, proxy.ts: 6ms, render: 93ms)
 GET /chat/cf4f7dca-eb7a-4d39-ae54-2144a53a7e7d 200 in 102ms (compile: 56ms, proxy.ts: 6ms, render: 40ms)
 GET / 307 in 163ms (compile: 5ms, proxy.ts: 5ms, render: 153ms)
 GET /chat 200 in 86ms (compile: 4ms, proxy.ts: 6ms, render: 76ms)
 GET /chat/d613cc16-b97b-4c32-aa1d-7e6f376aeef4 200 in 107ms (compile: 49ms, proxy.ts: 4ms, render: 54ms)
 GET / 307 in 157ms (compile: 7ms, proxy.ts: 8ms, render: 142ms)
 GET /chat 200 in 106ms (compile: 4ms, proxy.ts: 6ms, render: 96ms)
 GET /chat/814d7141-a223-4879-8e73-f4ba3605c8a2 200 in 100ms (compile: 47ms, proxy.ts: 5ms, render: 48ms)
 GET / 307 in 157ms (compile: 4ms, proxy.ts: 5ms, render: 148ms)
 GET /chat 200 in 113ms (compile: 4ms, proxy.ts: 5ms, render: 104ms)
 GET /chat/65c077ba-2d22-4c2d-91b1-01adff427356 200 in 113ms (compile: 53ms, proxy.ts: 5ms, render: 55ms)
 GET / 307 in 226ms (compile: 22ms, proxy.ts: 27ms, render: 177ms)
 GET /chat 200 in 1173ms (compile: 461ms, proxy.ts: 7ms, render: 705ms)
 GET / 307 in 149ms (compile: 5ms, proxy.ts: 9ms, render: 135ms)
 GET /chat 200 in 108ms (compile: 7ms, proxy.ts: 6ms, render: 95ms)
